Archive member included because of file (symbol)

c:/program files (x86)/gnu tools arm embedded/4.9 2015q2/bin/../lib/gcc/arm-none-eabi/4.9.3/armv6-m\libgcc.a(_udivsi3.o)
                              ..\obj\stm32f0xx_hal_rcc_ex.o (__aeabi_uidiv)
c:/program files (x86)/gnu tools arm embedded/4.9 2015q2/bin/../lib/gcc/arm-none-eabi/4.9.3/armv6-m\libgcc.a(_dvmd_tls.o)
                              c:/program files (x86)/gnu tools arm embedded/4.9 2015q2/bin/../lib/gcc/arm-none-eabi/4.9.3/armv6-m\libgcc.a(_udivsi3.o) (__aeabi_idiv0)
c:/program files (x86)/gnu tools arm embedded/4.9 2015q2/bin/../lib/gcc/arm-none-eabi/4.9.3/../../../../arm-none-eabi/lib/armv6-m\libg.a(lib_a-exit.o)
                              c:/program files (x86)/gnu tools arm embedded/4.9 2015q2/bin/../lib/gcc/arm-none-eabi/4.9.3/../../../../arm-none-eabi/lib/armv6-m/crt0.o (exit)
c:/program files (x86)/gnu tools arm embedded/4.9 2015q2/bin/../lib/gcc/arm-none-eabi/4.9.3/../../../../arm-none-eabi/lib/armv6-m\libg.a(lib_a-impure.o)
                              c:/program files (x86)/gnu tools arm embedded/4.9 2015q2/bin/../lib/gcc/arm-none-eabi/4.9.3/../../../../arm-none-eabi/lib/armv6-m\libg.a(lib_a-exit.o) (_global_impure_ptr)
c:/program files (x86)/gnu tools arm embedded/4.9 2015q2/bin/../lib/gcc/arm-none-eabi/4.9.3/../../../../arm-none-eabi/lib/armv6-m\libg.a(lib_a-init.o)
                              c:/program files (x86)/gnu tools arm embedded/4.9 2015q2/bin/../lib/gcc/arm-none-eabi/4.9.3/../../../../arm-none-eabi/lib/armv6-m/crt0.o (__libc_init_array)
c:/program files (x86)/gnu tools arm embedded/4.9 2015q2/bin/../lib/gcc/arm-none-eabi/4.9.3/../../../../arm-none-eabi/lib/armv6-m\libg.a(lib_a-memset.o)
                              c:/program files (x86)/gnu tools arm embedded/4.9 2015q2/bin/../lib/gcc/arm-none-eabi/4.9.3/../../../../arm-none-eabi/lib/armv6-m/crt0.o (memset)
c:/program files (x86)/gnu tools arm embedded/4.9 2015q2/bin/../lib/gcc/arm-none-eabi/4.9.3/../../../../arm-none-eabi/lib/armv6-m\libg.a(lib_a-__call_atexit.o)
                              c:/program files (x86)/gnu tools arm embedded/4.9 2015q2/bin/../lib/gcc/arm-none-eabi/4.9.3/../../../../arm-none-eabi/lib/armv6-m\libg.a(lib_a-exit.o) (__call_exitprocs)
c:/program files (x86)/gnu tools arm embedded/4.9 2015q2/bin/../lib/gcc/arm-none-eabi/4.9.3/../../../../arm-none-eabi/lib/armv6-m\libg.a(lib_a-atexit.o)
                              c:/program files (x86)/gnu tools arm embedded/4.9 2015q2/bin/../lib/gcc/arm-none-eabi/4.9.3/../../../../arm-none-eabi/lib/armv6-m\libg.a(lib_a-__call_atexit.o) (atexit)
c:/program files (x86)/gnu tools arm embedded/4.9 2015q2/bin/../lib/gcc/arm-none-eabi/4.9.3/../../../../arm-none-eabi/lib/armv6-m\libg.a(lib_a-fini.o)
                              c:/program files (x86)/gnu tools arm embedded/4.9 2015q2/bin/../lib/gcc/arm-none-eabi/4.9.3/../../../../arm-none-eabi/lib/armv6-m\libg.a(lib_a-__call_atexit.o) (__libc_fini_array)
c:/program files (x86)/gnu tools arm embedded/4.9 2015q2/bin/../lib/gcc/arm-none-eabi/4.9.3/../../../../arm-none-eabi/lib/armv6-m\libg.a(lib_a-__atexit.o)
                              c:/program files (x86)/gnu tools arm embedded/4.9 2015q2/bin/../lib/gcc/arm-none-eabi/4.9.3/../../../../arm-none-eabi/lib/armv6-m\libg.a(lib_a-atexit.o) (__register_exitproc)

Allocating common symbols
Common symbol       size              file

j                   0x4               ..\obj\main.o
newtime             0x14              ..\obj\main.o
pFlash              0x20              ..\obj\stm32f0xx_hal_flash.o
newdate             0x4               ..\obj\main.o
RTC_handle          0x20              ..\obj\main.o
i                   0x4               ..\obj\main.o
a                   0x4               ..\obj\main.o

Discarded input sections

 .text          0x00000000        0x0 c:/program files (x86)/gnu tools arm embedded/4.9 2015q2/bin/../lib/gcc/arm-none-eabi/4.9.3/armv6-m/crti.o
 .data          0x00000000        0x0 c:/program files (x86)/gnu tools arm embedded/4.9 2015q2/bin/../lib/gcc/arm-none-eabi/4.9.3/armv6-m/crti.o
 .bss           0x00000000        0x0 c:/program files (x86)/gnu tools arm embedded/4.9 2015q2/bin/../lib/gcc/arm-none-eabi/4.9.3/armv6-m/crti.o
 .data          0x00000000        0x4 c:/program files (x86)/gnu tools arm embedded/4.9 2015q2/bin/../lib/gcc/arm-none-eabi/4.9.3/armv6-m/crtbegin.o
 .text          0x00000000       0x78 c:/program files (x86)/gnu tools arm embedded/4.9 2015q2/bin/../lib/gcc/arm-none-eabi/4.9.3/../../../../arm-none-eabi/lib/armv6-m/crt0.o
 .data          0x00000000        0x0 c:/program files (x86)/gnu tools arm embedded/4.9 2015q2/bin/../lib/gcc/arm-none-eabi/4.9.3/../../../../arm-none-eabi/lib/armv6-m/crt0.o
 .bss           0x00000000        0x0 c:/program files (x86)/gnu tools arm embedded/4.9 2015q2/bin/../lib/gcc/arm-none-eabi/4.9.3/../../../../arm-none-eabi/lib/armv6-m/crt0.o
 .ARM.extab     0x00000000        0x0 c:/program files (x86)/gnu tools arm embedded/4.9 2015q2/bin/../lib/gcc/arm-none-eabi/4.9.3/../../../../arm-none-eabi/lib/armv6-m/crt0.o
 .ARM.exidx     0x00000000        0x8 c:/program files (x86)/gnu tools arm embedded/4.9 2015q2/bin/../lib/gcc/arm-none-eabi/4.9.3/../../../../arm-none-eabi/lib/armv6-m/crt0.o
 .ARM.attributes
                0x00000000       0x1b c:/program files (x86)/gnu tools arm embedded/4.9 2015q2/bin/../lib/gcc/arm-none-eabi/4.9.3/../../../../arm-none-eabi/lib/armv6-m/crt0.o
 .text          0x00000000      0x218 ..\obj\stm32f0xx_hal_wwdg.o
 .data          0x00000000        0x0 ..\obj\stm32f0xx_hal_wwdg.o
 .bss           0x00000000        0x0 ..\obj\stm32f0xx_hal_wwdg.o
 .debug_info    0x00000000      0x37c ..\obj\stm32f0xx_hal_wwdg.o
 .debug_abbrev  0x00000000      0x167 ..\obj\stm32f0xx_hal_wwdg.o
 .debug_aranges
                0x00000000       0x20 ..\obj\stm32f0xx_hal_wwdg.o
 .debug_line    0x00000000      0x305 ..\obj\stm32f0xx_hal_wwdg.o
 .debug_str     0x00000000      0x375 ..\obj\stm32f0xx_hal_wwdg.o
 .comment       0x00000000       0x71 ..\obj\stm32f0xx_hal_wwdg.o
 .debug_frame   0x00000000      0x150 ..\obj\stm32f0xx_hal_wwdg.o
 .ARM.attributes
                0x00000000       0x31 ..\obj\stm32f0xx_hal_wwdg.o
 .data          0x00000000        0x0 ..\obj\stm32f0xx_hal_msp_template.o
 .bss           0x00000000        0x0 ..\obj\stm32f0xx_hal_msp_template.o
 .text          0x00000000      0x568 ..\obj\stm32f0xx_hal_flash.o
 .data          0x00000000        0x0 ..\obj\stm32f0xx_hal_flash.o
 .bss           0x00000000        0x0 ..\obj\stm32f0xx_hal_flash.o
 .debug_info    0x00000000      0x4df ..\obj\stm32f0xx_hal_flash.o
 .debug_abbrev  0x00000000      0x1a1 ..\obj\stm32f0xx_hal_flash.o
 .debug_aranges
                0x00000000       0x20 ..\obj\stm32f0xx_hal_flash.o
 .debug_line    0x00000000      0x34c ..\obj\stm32f0xx_hal_flash.o
 .debug_str     0x00000000      0x502 ..\obj\stm32f0xx_hal_flash.o
 .comment       0x00000000       0x71 ..\obj\stm32f0xx_hal_flash.o
 .debug_frame   0x00000000      0x1d8 ..\obj\stm32f0xx_hal_flash.o
 .ARM.attributes
                0x00000000       0x31 ..\obj\stm32f0xx_hal_flash.o
 COMMON         0x00000000       0x20 ..\obj\stm32f0xx_hal_flash.o
 .text          0x00000000        0x0 ..\obj\stm32f0xx_hal_ppp.o
 .data          0x00000000        0x0 ..\obj\stm32f0xx_hal_ppp.o
 .bss           0x00000000        0x0 ..\obj\stm32f0xx_hal_ppp.o
 .debug_info    0x00000000       0x67 ..\obj\stm32f0xx_hal_ppp.o
 .debug_abbrev  0x00000000       0x24 ..\obj\stm32f0xx_hal_ppp.o
 .debug_aranges
                0x00000000       0x18 ..\obj\stm32f0xx_hal_ppp.o
 .debug_line    0x00000000       0x1d ..\obj\stm32f0xx_hal_ppp.o
 .debug_str     0x00000000      0x15f ..\obj\stm32f0xx_hal_ppp.o
 .comment       0x00000000       0x71 ..\obj\stm32f0xx_hal_ppp.o
 .ARM.attributes
                0x00000000       0x31 ..\obj\stm32f0xx_hal_ppp.o
 .data          0x00000000        0x0 ..\obj\stm32f0xx_hal_gpio.o
 .bss           0x00000000        0x0 ..\obj\stm32f0xx_hal_gpio.o
 .data          0x00000000        0x0 ..\obj\stm32f0xx_hal_rcc_ex.o
 .bss           0x00000000        0x0 ..\obj\stm32f0xx_hal_rcc_ex.o
 .text          0x00000000     0x15f8 ..\obj\stm32f0xx_hal_uart.o
 .data          0x00000000        0x0 ..\obj\stm32f0xx_hal_uart.o
 .bss           0x00000000        0x0 ..\obj\stm32f0xx_hal_uart.o
 .debug_info    0x00000000      0xf0c ..\obj\stm32f0xx_hal_uart.o
 .debug_abbrev  0x00000000      0x19c ..\obj\stm32f0xx_hal_uart.o
 .debug_aranges
                0x00000000       0x20 ..\obj\stm32f0xx_hal_uart.o
 .debug_line    0x00000000      0x6df ..\obj\stm32f0xx_hal_uart.o
 .debug_str     0x00000000      0xb29 ..\obj\stm32f0xx_hal_uart.o
 .comment       0x00000000       0x71 ..\obj\stm32f0xx_hal_uart.o
 .debug_frame   0x00000000      0x4d0 ..\obj\stm32f0xx_hal_uart.o
 .ARM.attributes
                0x00000000       0x31 ..\obj\stm32f0xx_hal_uart.o
 .text          0x00000000      0xf0c ..\obj\stm32f0xx_hal_adc.o
 .data          0x00000000        0x0 ..\obj\stm32f0xx_hal_adc.o
 .bss           0x00000000        0x0 ..\obj\stm32f0xx_hal_adc.o
 .debug_info    0x00000000      0xbd4 ..\obj\stm32f0xx_hal_adc.o
 .debug_abbrev  0x00000000      0x1d5 ..\obj\stm32f0xx_hal_adc.o
 .debug_aranges
                0x00000000       0x20 ..\obj\stm32f0xx_hal_adc.o
 .debug_line    0x00000000      0x598 ..\obj\stm32f0xx_hal_adc.o
 .debug_str     0x00000000      0x97d ..\obj\stm32f0xx_hal_adc.o
 .comment       0x00000000       0x71 ..\obj\stm32f0xx_hal_adc.o
 .debug_frame   0x00000000      0x390 ..\obj\stm32f0xx_hal_adc.o
 .ARM.attributes
                0x00000000       0x31 ..\obj\stm32f0xx_hal_adc.o
 .text          0x00000000        0x0 ..\obj\stm32f0xx_hal_pcd.o
 .data          0x00000000        0x0 ..\obj\stm32f0xx_hal_pcd.o
 .bss           0x00000000        0x0 ..\obj\stm32f0xx_hal_pcd.o
 .debug_info    0x00000000       0x67 ..\obj\stm32f0xx_hal_pcd.o
 .debug_abbrev  0x00000000       0x24 ..\obj\stm32f0xx_hal_pcd.o
 .debug_aranges
                0x00000000       0x18 ..\obj\stm32f0xx_hal_pcd.o
 .debug_line    0x00000000       0x1d ..\obj\stm32f0xx_hal_pcd.o
 .debug_str     0x00000000      0x15f ..\obj\stm32f0xx_hal_pcd.o
 .comment       0x00000000       0x71 ..\obj\stm32f0xx_hal_pcd.o
 .ARM.attributes
                0x00000000       0x31 ..\obj\stm32f0xx_hal_pcd.o
 .text          0x00000000      0x258 ..\obj\stm32f0xx_hal_iwdg.o
 .data          0x00000000        0x0 ..\obj\stm32f0xx_hal_iwdg.o
 .bss           0x00000000        0x0 ..\obj\stm32f0xx_hal_iwdg.o
 .debug_info    0x00000000      0x2f0 ..\obj\stm32f0xx_hal_iwdg.o
 .debug_abbrev  0x00000000      0x160 ..\obj\stm32f0xx_hal_iwdg.o
 .debug_aranges
                0x00000000       0x20 ..\obj\stm32f0xx_hal_iwdg.o
 .debug_line    0x00000000      0x2e4 ..\obj\stm32f0xx_hal_iwdg.o
 .debug_str     0x00000000      0x322 ..\obj\stm32f0xx_hal_iwdg.o
 .comment       0x00000000       0x71 ..\obj\stm32f0xx_hal_iwdg.o
 .debug_frame   0x00000000       0xb0 ..\obj\stm32f0xx_hal_iwdg.o
 .ARM.attributes
                0x00000000       0x31 ..\obj\stm32f0xx_hal_iwdg.o
 .text          0x00000000     0x1920 ..\obj\stm32f0xx_hal_smbus.o
 .data          0x00000000        0x0 ..\obj\stm32f0xx_hal_smbus.o
 .bss           0x00000000        0x0 ..\obj\stm32f0xx_hal_smbus.o
 .debug_info    0x00000000      0xae4 ..\obj\stm32f0xx_hal_smbus.o
 .debug_abbrev  0x00000000      0x1b7 ..\obj\stm32f0xx_hal_smbus.o
 .debug_aranges
                0x00000000       0x20 ..\obj\stm32f0xx_hal_smbus.o
 .debug_line    0x00000000      0x6bc ..\obj\stm32f0xx_hal_smbus.o
 .debug_str     0x00000000      0x923 ..\obj\stm32f0xx_hal_smbus.o
 .comment       0x00000000       0x71 ..\obj\stm32f0xx_hal_smbus.o
 .debug_frame   0x00000000      0x3fc ..\obj\stm32f0xx_hal_smbus.o
 .ARM.attributes
                0x00000000       0x31 ..\obj\stm32f0xx_hal_smbus.o
 .bss           0x00000000        0x0 ..\obj\system_stm32f0xx.o
 .text          0x00000000      0x744 ..\obj\stm32f0xx_hal_flash_ex.o
 .data          0x00000000        0x0 ..\obj\stm32f0xx_hal_flash_ex.o
 .bss           0x00000000        0x0 ..\obj\stm32f0xx_hal_flash_ex.o
 .debug_info    0x00000000      0x6ad ..\obj\stm32f0xx_hal_flash_ex.o
 .debug_abbrev  0x00000000      0x190 ..\obj\stm32f0xx_hal_flash_ex.o
 .debug_aranges
                0x00000000       0x20 ..\obj\stm32f0xx_hal_flash_ex.o
 .debug_line    0x00000000      0x371 ..\obj\stm32f0xx_hal_flash_ex.o
 .debug_str     0x00000000      0x5d9 ..\obj\stm32f0xx_hal_flash_ex.o
 .comment       0x00000000       0x71 ..\obj\stm32f0xx_hal_flash_ex.o
 .debug_frame   0x00000000      0x1c4 ..\obj\stm32f0xx_hal_flash_ex.o
 .ARM.attributes
                0x00000000       0x31 ..\obj\stm32f0xx_hal_flash_ex.o
 .data          0x00000000        0x0 ..\obj\stm32f0xx_hal_rcc.o
 .bss           0x00000000        0x0 ..\obj\stm32f0xx_hal_rcc.o
 .text          0x00000000        0x0 ..\obj\stm32f0xx_hal_dac_ex.o
 .data          0x00000000        0x0 ..\obj\stm32f0xx_hal_dac_ex.o
 .bss           0x00000000        0x0 ..\obj\stm32f0xx_hal_dac_ex.o
 .debug_info    0x00000000       0x67 ..\obj\stm32f0xx_hal_dac_ex.o
 .debug_abbrev  0x00000000       0x24 ..\obj\stm32f0xx_hal_dac_ex.o
 .debug_aranges
                0x00000000       0x18 ..\obj\stm32f0xx_hal_dac_ex.o
 .debug_line    0x00000000       0x1d ..\obj\stm32f0xx_hal_dac_ex.o
 .debug_str     0x00000000      0x162 ..\obj\stm32f0xx_hal_dac_ex.o
 .comment       0x00000000       0x71 ..\obj\stm32f0xx_hal_dac_ex.o
 .ARM.attributes
                0x00000000       0x31 ..\obj\stm32f0xx_hal_dac_ex.o
 .text          0x00000000        0x0 ..\obj\stm32f0xx_hal_smartcard_ex.o
 .data          0x00000000        0x0 ..\obj\stm32f0xx_hal_smartcard_ex.o
 .bss           0x00000000        0x0 ..\obj\stm32f0xx_hal_smartcard_ex.o
 .debug_info    0x00000000       0x67 ..\obj\stm32f0xx_hal_smartcard_ex.o
 .debug_abbrev  0x00000000       0x24 ..\obj\stm32f0xx_hal_smartcard_ex.o
 .debug_aranges
                0x00000000       0x18 ..\obj\stm32f0xx_hal_smartcard_ex.o
 .debug_line    0x00000000       0x1d ..\obj\stm32f0xx_hal_smartcard_ex.o
 .debug_str     0x00000000      0x168 ..\obj\stm32f0xx_hal_smartcard_ex.o
 .comment       0x00000000       0x71 ..\obj\stm32f0xx_hal_smartcard_ex.o
 .ARM.attributes
                0x00000000       0x31 ..\obj\stm32f0xx_hal_smartcard_ex.o
 .text          0x00000000       0xcc ..\obj\stm32f0xx_hal_adc_ex.o
 .data          0x00000000        0x0 ..\obj\stm32f0xx_hal_adc_ex.o
 .bss           0x00000000        0x0 ..\obj\stm32f0xx_hal_adc_ex.o
 .debug_info    0x00000000      0x510 ..\obj\stm32f0xx_hal_adc_ex.o
 .debug_abbrev  0x00000000      0x101 ..\obj\stm32f0xx_hal_adc_ex.o
 .debug_aranges
                0x00000000       0x20 ..\obj\stm32f0xx_hal_adc_ex.o
 .debug_line    0x00000000      0x2b2 ..\obj\stm32f0xx_hal_adc_ex.o
 .debug_str     0x00000000      0x662 ..\obj\stm32f0xx_hal_adc_ex.o
 .comment       0x00000000       0x71 ..\obj\stm32f0xx_hal_adc_ex.o
 .debug_frame   0x00000000       0x30 ..\obj\stm32f0xx_hal_adc_ex.o
 .ARM.attributes
                0x00000000       0x31 ..\obj\stm32f0xx_hal_adc_ex.o
 .text          0x00000000      0x2fc ..\obj\stm32f0xx_hal_i2c_ex.o
 .data          0x00000000        0x0 ..\obj\stm32f0xx_hal_i2c_ex.o
 .bss           0x00000000        0x0 ..\obj\stm32f0xx_hal_i2c_ex.o
 .debug_info    0x00000000      0x5b9 ..\obj\stm32f0xx_hal_i2c_ex.o
 .debug_abbrev  0x00000000      0x138 ..\obj\stm32f0xx_hal_i2c_ex.o
 .debug_aranges
                0x00000000       0x20 ..\obj\stm32f0xx_hal_i2c_ex.o
 .debug_line    0x00000000      0x39d ..\obj\stm32f0xx_hal_i2c_ex.o
 .debug_str     0x00000000      0x6e7 ..\obj\stm32f0xx_hal_i2c_ex.o
 .comment       0x00000000       0x71 ..\obj\stm32f0xx_hal_i2c_ex.o
 .debug_frame   0x00000000       0x90 ..\obj\stm32f0xx_hal_i2c_ex.o
 .ARM.attributes
                0x00000000       0x31 ..\obj\stm32f0xx_hal_i2c_ex.o
 .text          0x00000000      0xbd8 ..\obj\stm32f0xx_hal_rtc_ex.o
 .data          0x00000000        0x0 ..\obj\stm32f0xx_hal_rtc_ex.o
 .bss           0x00000000        0x0 ..\obj\stm32f0xx_hal_rtc_ex.o
 .debug_info    0x00000000      0x9ae ..\obj\stm32f0xx_hal_rtc_ex.o
 .debug_abbrev  0x00000000      0x1a5 ..\obj\stm32f0xx_hal_rtc_ex.o
 .debug_aranges
                0x00000000       0x20 ..\obj\stm32f0xx_hal_rtc_ex.o
 .debug_line    0x00000000      0x5ec ..\obj\stm32f0xx_hal_rtc_ex.o
 .debug_str     0x00000000      0x7a8 ..\obj\stm32f0xx_hal_rtc_ex.o
 .comment       0x00000000       0x71 ..\obj\stm32f0xx_hal_rtc_ex.o
 .debug_frame   0x00000000      0x2d0 ..\obj\stm32f0xx_hal_rtc_ex.o
 .ARM.attributes
                0x00000000       0x31 ..\obj\stm32f0xx_hal_rtc_ex.o
 .text          0x00000000        0x0 ..\obj\stm32f0xx_hal_cec.o
 .data          0x00000000        0x0 ..\obj\stm32f0xx_hal_cec.o
 .bss           0x00000000        0x0 ..\obj\stm32f0xx_hal_cec.o
 .debug_info    0x00000000       0x67 ..\obj\stm32f0xx_hal_cec.o
 .debug_abbrev  0x00000000       0x24 ..\obj\stm32f0xx_hal_cec.o
 .debug_aranges
                0x00000000       0x18 ..\obj\stm32f0xx_hal_cec.o
 .debug_line    0x00000000       0x1d ..\obj\stm32f0xx_hal_cec.o
 .debug_str     0x00000000      0x15f ..\obj\stm32f0xx_hal_cec.o
 .comment       0x00000000       0x71 ..\obj\stm32f0xx_hal_cec.o
 .ARM.attributes
                0x00000000       0x31 ..\obj\stm32f0xx_hal_cec.o
 .data          0x00000000        0x0 ..\obj\stm32f0xx_hal_cortex.o
 .bss           0x00000000        0x0 ..\obj\stm32f0xx_hal_cortex.o
 .text          0x00000000      0x40c ..\obj\stm32f0xx_hal_crc.o
 .data          0x00000000        0x0 ..\obj\stm32f0xx_hal_crc.o
 .bss           0x00000000        0x0 ..\obj\stm32f0xx_hal_crc.o
 .debug_info    0x00000000      0x4be ..\obj\stm32f0xx_hal_crc.o
 .debug_abbrev  0x00000000      0x14a ..\obj\stm32f0xx_hal_crc.o
 .debug_aranges
                0x00000000       0x20 ..\obj\stm32f0xx_hal_crc.o
 .debug_line    0x00000000      0x330 ..\obj\stm32f0xx_hal_crc.o
 .debug_str     0x00000000      0x422 ..\obj\stm32f0xx_hal_crc.o
 .comment       0x00000000       0x71 ..\obj\stm32f0xx_hal_crc.o
 .debug_frame   0x00000000      0x130 ..\obj\stm32f0xx_hal_crc.o
 .ARM.attributes
                0x00000000       0x31 ..\obj\stm32f0xx_hal_crc.o
 .text          0x00000000      0x938 ..\obj\stm32f0xx_hal_dma.o
 .data          0x00000000        0x0 ..\obj\stm32f0xx_hal_dma.o
 .bss           0x00000000        0x0 ..\obj\stm32f0xx_hal_dma.o
 .debug_info    0x00000000      0x52d ..\obj\stm32f0xx_hal_dma.o
 .debug_abbrev  0x00000000      0x175 ..\obj\stm32f0xx_hal_dma.o
 .debug_aranges
                0x00000000       0x20 ..\obj\stm32f0xx_hal_dma.o
 .debug_line    0x00000000      0x671 ..\obj\stm32f0xx_hal_dma.o
 .debug_str     0x00000000      0x4a2 ..\obj\stm32f0xx_hal_dma.o
 .comment       0x00000000       0x71 ..\obj\stm32f0xx_hal_dma.o
 .debug_frame   0x00000000      0x150 ..\obj\stm32f0xx_hal_dma.o
 .ARM.attributes
                0x00000000       0x31 ..\obj\stm32f0xx_hal_dma.o
 .text          0x00000000        0x0 ..\obj\stm32f0xx_hal_i2s.o
 .data          0x00000000        0x0 ..\obj\stm32f0xx_hal_i2s.o
 .bss           0x00000000        0x0 ..\obj\stm32f0xx_hal_i2s.o
 .debug_info    0x00000000       0x67 ..\obj\stm32f0xx_hal_i2s.o
 .debug_abbrev  0x00000000       0x24 ..\obj\stm32f0xx_hal_i2s.o
 .debug_aranges
                0x00000000       0x18 ..\obj\stm32f0xx_hal_i2s.o
 .debug_line    0x00000000       0x1d ..\obj\stm32f0xx_hal_i2s.o
 .debug_str     0x00000000      0x15f ..\obj\stm32f0xx_hal_i2s.o
 .comment       0x00000000       0x71 ..\obj\stm32f0xx_hal_i2s.o
 .ARM.attributes
                0x00000000       0x31 ..\obj\stm32f0xx_hal_i2s.o
 .text          0x00000000       0x14 ..\obj\startup_stm32f030x8.o
 .data          0x00000000        0x0 ..\obj\startup_stm32f030x8.o
 .bss           0x00000000        0x0 ..\obj\startup_stm32f030x8.o
 .text          0x00000000        0x0 ..\obj\stm32f0xx_hal_comp.o
 .data          0x00000000        0x0 ..\obj\stm32f0xx_hal_comp.o
 .bss           0x00000000        0x0 ..\obj\stm32f0xx_hal_comp.o
 .debug_line    0x00000000        0x0 ..\obj\stm32f0xx_hal_comp.o
 .debug_str     0x00000000       0xd3 ..\obj\stm32f0xx_hal_comp.o
 .comment       0x00000000       0x71 ..\obj\stm32f0xx_hal_comp.o
 .ARM.attributes
                0x00000000       0x31 ..\obj\stm32f0xx_hal_comp.o
 .text          0x00000000        0x0 ..\obj\stm32f0xx_hal_irda.o
 .data          0x00000000        0x0 ..\obj\stm32f0xx_hal_irda.o
 .bss           0x00000000        0x0 ..\obj\stm32f0xx_hal_irda.o
 .debug_info    0x00000000       0x67 ..\obj\stm32f0xx_hal_irda.o
 .debug_abbrev  0x00000000       0x24 ..\obj\stm32f0xx_hal_irda.o
 .debug_aranges
                0x00000000       0x18 ..\obj\stm32f0xx_hal_irda.o
 .debug_line    0x00000000       0x1d ..\obj\stm32f0xx_hal_irda.o
 .debug_str     0x00000000      0x160 ..\obj\stm32f0xx_hal_irda.o
 .comment       0x00000000       0x71 ..\obj\stm32f0xx_hal_irda.o
 .ARM.attributes
                0x00000000       0x31 ..\obj\stm32f0xx_hal_irda.o
 .text          0x00000000     0x13c8 ..\obj\stm32f0xx_hal_tim_ex.o
 .data          0x00000000        0x0 ..\obj\stm32f0xx_hal_tim_ex.o
 .bss           0x00000000        0x0 ..\obj\stm32f0xx_hal_tim_ex.o
 .debug_info    0x00000000      0xe81 ..\obj\stm32f0xx_hal_tim_ex.o
 .debug_abbrev  0x00000000      0x1f5 ..\obj\stm32f0xx_hal_tim_ex.o
 .debug_aranges
                0x00000000       0x20 ..\obj\stm32f0xx_hal_tim_ex.o
 .debug_line    0x00000000      0x6ab ..\obj\stm32f0xx_hal_tim_ex.o
 .debug_str     0x00000000      0xb2d ..\obj\stm32f0xx_hal_tim_ex.o
 .comment       0x00000000       0x71 ..\obj\stm32f0xx_hal_tim_ex.o
 .debug_frame   0x00000000      0x4b0 ..\obj\stm32f0xx_hal_tim_ex.o
 .ARM.attributes
                0x00000000       0x31 ..\obj\stm32f0xx_hal_tim_ex.o
 .text          0x00000000        0x0 ..\obj\stm32f0xx_hal_dac.o
 .data          0x00000000        0x0 ..\obj\stm32f0xx_hal_dac.o
 .bss           0x00000000        0x0 ..\obj\stm32f0xx_hal_dac.o
 .debug_info    0x00000000       0x67 ..\obj\stm32f0xx_hal_dac.o
 .debug_abbrev  0x00000000       0x24 ..\obj\stm32f0xx_hal_dac.o
 .debug_aranges
                0x00000000       0x18 ..\obj\stm32f0xx_hal_dac.o
 .debug_line    0x00000000       0x1d ..\obj\stm32f0xx_hal_dac.o
 .debug_str     0x00000000      0x15f ..\obj\stm32f0xx_hal_dac.o
 .comment       0x00000000       0x71 ..\obj\stm32f0xx_hal_dac.o
 .ARM.attributes
                0x00000000       0x31 ..\obj\stm32f0xx_hal_dac.o
 .data          0x00000000        0x0 ..\obj\stm32f0xx_hal.o
 .data          0x00000000        0x0 ..\obj\stm32f0xx_hal_pwr.o
 .bss           0x00000000        0x0 ..\obj\stm32f0xx_hal_pwr.o
 .text          0x00000000        0x0 ..\obj\stm32f0xx_hal_pcd_ex.o
 .data          0x00000000        0x0 ..\obj\stm32f0xx_hal_pcd_ex.o
 .bss           0x00000000        0x0 ..\obj\stm32f0xx_hal_pcd_ex.o
 .debug_info    0x00000000       0x67 ..\obj\stm32f0xx_hal_pcd_ex.o
 .debug_abbrev  0x00000000       0x24 ..\obj\stm32f0xx_hal_pcd_ex.o
 .debug_aranges
                0x00000000       0x18 ..\obj\stm32f0xx_hal_pcd_ex.o
 .debug_line    0x00000000       0x1d ..\obj\stm32f0xx_hal_pcd_ex.o
 .debug_str     0x00000000      0x162 ..\obj\stm32f0xx_hal_pcd_ex.o
 .comment       0x00000000       0x71 ..\obj\stm32f0xx_hal_pcd_ex.o
 .ARM.attributes
                0x00000000       0x31 ..\obj\stm32f0xx_hal_pcd_ex.o
 .text          0x00000000        0x0 ..\obj\stm32f0xx_hal_tsc.o
 .data          0x00000000        0x0 ..\obj\stm32f0xx_hal_tsc.o
 .bss           0x00000000        0x0 ..\obj\stm32f0xx_hal_tsc.o
 .debug_info    0x00000000       0x67 ..\obj\stm32f0xx_hal_tsc.o
 .debug_abbrev  0x00000000       0x24 ..\obj\stm32f0xx_hal_tsc.o
 .debug_aranges
                0x00000000       0x18 ..\obj\stm32f0xx_hal_tsc.o
 .debug_line    0x00000000       0x1d ..\obj\stm32f0xx_hal_tsc.o
 .debug_str     0x00000000      0x15f ..\obj\stm32f0xx_hal_tsc.o
 .comment       0x00000000       0x71 ..\obj\stm32f0xx_hal_tsc.o
 .ARM.attributes
                0x00000000       0x31 ..\obj\stm32f0xx_hal_tsc.o
 .text          0x00000000        0x0 ..\obj\stm32f0xx_hal_smartcard.o
 .data          0x00000000        0x0 ..\obj\stm32f0xx_hal_smartcard.o
 .bss           0x00000000        0x0 ..\obj\stm32f0xx_hal_smartcard.o
 .debug_info    0x00000000       0x67 ..\obj\stm32f0xx_hal_smartcard.o
 .debug_abbrev  0x00000000       0x24 ..\obj\stm32f0xx_hal_smartcard.o
 .debug_aranges
                0x00000000       0x18 ..\obj\stm32f0xx_hal_smartcard.o
 .debug_line    0x00000000       0x1d ..\obj\stm32f0xx_hal_smartcard.o
 .debug_str     0x00000000      0x165 ..\obj\stm32f0xx_hal_smartcard.o
 .comment       0x00000000       0x71 ..\obj\stm32f0xx_hal_smartcard.o
 .ARM.attributes
                0x00000000       0x31 ..\obj\stm32f0xx_hal_smartcard.o
 .data          0x00000000        0x0 ..\obj\stm32f0xx_hal_rtc.o
 .bss           0x00000000        0x0 ..\obj\stm32f0xx_hal_rtc.o
 .text          0x00000000      0x314 ..\obj\stm32f0xx_hal_uart_ex.o
 .data          0x00000000        0x0 ..\obj\stm32f0xx_hal_uart_ex.o
 .bss           0x00000000        0x0 ..\obj\stm32f0xx_hal_uart_ex.o
 .debug_info    0x00000000      0x6a7 ..\obj\stm32f0xx_hal_uart_ex.o
 .debug_abbrev  0x00000000      0x168 ..\obj\stm32f0xx_hal_uart_ex.o
 .debug_aranges
                0x00000000       0x20 ..\obj\stm32f0xx_hal_uart_ex.o
 .debug_line    0x00000000      0x2f1 ..\obj\stm32f0xx_hal_uart_ex.o
 .debug_str     0x00000000      0x74d ..\obj\stm32f0xx_hal_uart_ex.o
 .comment       0x00000000       0x71 ..\obj\stm32f0xx_hal_uart_ex.o
 .debug_frame   0x00000000       0x90 ..\obj\stm32f0xx_hal_uart_ex.o
 .ARM.attributes
                0x00000000       0x31 ..\obj\stm32f0xx_hal_uart_ex.o
 .data          0x00000000        0x0 ..\obj\segment_display.o
 .bss           0x00000000        0x0 ..\obj\segment_display.o
 .text          0x00000000     0x1768 ..\obj\stm32f0xx_hal_usart.o
 .data          0x00000000        0x0 ..\obj\stm32f0xx_hal_usart.o
 .bss           0x00000000        0x0 ..\obj\stm32f0xx_hal_usart.o
 .debug_info    0x00000000      0xeed ..\obj\stm32f0xx_hal_usart.o
 .debug_abbrev  0x00000000      0x215 ..\obj\stm32f0xx_hal_usart.o
 .debug_aranges
                0x00000000       0x20 ..\obj\stm32f0xx_hal_usart.o
 .debug_line    0x00000000      0x843 ..\obj\stm32f0xx_hal_usart.o
 .debug_str     0x00000000      0xa52 ..\obj\stm32f0xx_hal_usart.o
 .comment       0x00000000       0x71 ..\obj\stm32f0xx_hal_usart.o
 .debug_frame   0x00000000      0x4b0 ..\obj\stm32f0xx_hal_usart.o
 .ARM.attributes
                0x00000000       0x31 ..\obj\stm32f0xx_hal_usart.o
 .text          0x00000000       0x84 ..\obj\stm32f0xx_hal_crc_ex.o
 .data          0x00000000        0x0 ..\obj\stm32f0xx_hal_crc_ex.o
 .bss           0x00000000        0x0 ..\obj\stm32f0xx_hal_crc_ex.o
 .debug_info    0x00000000      0x304 ..\obj\stm32f0xx_hal_crc_ex.o
 .debug_abbrev  0x00000000       0xcb ..\obj\stm32f0xx_hal_crc_ex.o
 .debug_aranges
                0x00000000       0x20 ..\obj\stm32f0xx_hal_crc_ex.o
 .debug_line    0x00000000      0x260 ..\obj\stm32f0xx_hal_crc_ex.o
 .debug_str     0x00000000      0x3e3 ..\obj\stm32f0xx_hal_crc_ex.o
 .comment       0x00000000       0x71 ..\obj\stm32f0xx_hal_crc_ex.o
 .debug_frame   0x00000000       0x70 ..\obj\stm32f0xx_hal_crc_ex.o
 .ARM.attributes
                0x00000000       0x31 ..\obj\stm32f0xx_hal_crc_ex.o
 .text          0x00000000     0x3f40 ..\obj\stm32f0xx_hal_tim.o
 .data          0x00000000        0x0 ..\obj\stm32f0xx_hal_tim.o
 .bss           0x00000000        0x0 ..\obj\stm32f0xx_hal_tim.o
 .debug_info    0x00000000     0x20ab ..\obj\stm32f0xx_hal_tim.o
 .debug_abbrev  0x00000000      0x218 ..\obj\stm32f0xx_hal_tim.o
 .debug_aranges
                0x00000000       0x20 ..\obj\stm32f0xx_hal_tim.o
 .debug_line    0x00000000      0xf63 ..\obj\stm32f0xx_hal_tim.o
 .debug_str     0x00000000     0x1284 ..\obj\stm32f0xx_hal_tim.o
 .comment       0x00000000       0x71 ..\obj\stm32f0xx_hal_tim.o
 .debug_frame   0x00000000      0xd50 ..\obj\stm32f0xx_hal_tim.o
 .ARM.attributes
                0x00000000       0x31 ..\obj\stm32f0xx_hal_tim.o
 .text          0x00000000     0x2820 ..\obj\stm32f0xx_hal_spi.o
 .data          0x00000000        0x0 ..\obj\stm32f0xx_hal_spi.o
 .bss           0x00000000        0x0 ..\obj\stm32f0xx_hal_spi.o
 .debug_info    0x00000000      0xf55 ..\obj\stm32f0xx_hal_spi.o
 .debug_abbrev  0x00000000      0x1f9 ..\obj\stm32f0xx_hal_spi.o
 .debug_aranges
                0x00000000       0x20 ..\obj\stm32f0xx_hal_spi.o
 .debug_line    0x00000000      0x8c4 ..\obj\stm32f0xx_hal_spi.o
 .debug_str     0x00000000      0xa5c ..\obj\stm32f0xx_hal_spi.o
 .comment       0x00000000       0x71 ..\obj\stm32f0xx_hal_spi.o
 .debug_frame   0x00000000      0x558 ..\obj\stm32f0xx_hal_spi.o
 .ARM.attributes
                0x00000000       0x31 ..\obj\stm32f0xx_hal_spi.o
 .text          0x00000000        0x0 ..\obj\stm32f0xx_hal_pwr_ex.o
 .data          0x00000000        0x0 ..\obj\stm32f0xx_hal_pwr_ex.o
 .bss           0x00000000        0x0 ..\obj\stm32f0xx_hal_pwr_ex.o
 .debug_info    0x00000000       0x67 ..\obj\stm32f0xx_hal_pwr_ex.o
 .debug_abbrev  0x00000000       0x24 ..\obj\stm32f0xx_hal_pwr_ex.o
 .debug_aranges
                0x00000000       0x18 ..\obj\stm32f0xx_hal_pwr_ex.o
 .debug_line    0x00000000       0x1d ..\obj\stm32f0xx_hal_pwr_ex.o
 .debug_str     0x00000000      0x162 ..\obj\stm32f0xx_hal_pwr_ex.o
 .comment       0x00000000       0x71 ..\obj\stm32f0xx_hal_pwr_ex.o
 .ARM.attributes
                0x00000000       0x31 ..\obj\stm32f0xx_hal_pwr_ex.o
 .text          0x00000000     0x3b24 ..\obj\stm32f0xx_hal_i2c.o
 .data          0x00000000        0x0 ..\obj\stm32f0xx_hal_i2c.o
 .bss           0x00000000        0x0 ..\obj\stm32f0xx_hal_i2c.o
 .debug_info    0x00000000     0x1414 ..\obj\stm32f0xx_hal_i2c.o
 .debug_abbrev  0x00000000      0x1bf ..\obj\stm32f0xx_hal_i2c.o
 .debug_aranges
                0x00000000       0x20 ..\obj\stm32f0xx_hal_i2c.o
 .debug_line    0x00000000      0xc93 ..\obj\stm32f0xx_hal_i2c.o
 .debug_str     0x00000000      0xbb2 ..\obj\stm32f0xx_hal_i2c.o
 .comment       0x00000000       0x71 ..\obj\stm32f0xx_hal_i2c.o
 .debug_frame   0x00000000      0x6b0 ..\obj\stm32f0xx_hal_i2c.o
 .ARM.attributes
                0x00000000       0x31 ..\obj\stm32f0xx_hal_i2c.o
 .text          0x00000000        0x0 ..\obj\stm32f0xx_hal_can.o
 .data          0x00000000        0x0 ..\obj\stm32f0xx_hal_can.o
 .bss           0x00000000        0x0 ..\obj\stm32f0xx_hal_can.o
 .debug_info    0x00000000       0x67 ..\obj\stm32f0xx_hal_can.o
 .debug_abbrev  0x00000000       0x24 ..\obj\stm32f0xx_hal_can.o
 .debug_aranges
                0x00000000       0x18 ..\obj\stm32f0xx_hal_can.o
 .debug_line    0x00000000       0x1d ..\obj\stm32f0xx_hal_can.o
 .debug_str     0x00000000      0x15f ..\obj\stm32f0xx_hal_can.o
 .comment       0x00000000       0x71 ..\obj\stm32f0xx_hal_can.o
 .ARM.attributes
                0x00000000       0x31 ..\obj\stm32f0xx_hal_can.o
 .data          0x00000000        0x0 c:/program files (x86)/gnu tools arm embedded/4.9 2015q2/bin/../lib/gcc/arm-none-eabi/4.9.3/armv6-m\libgcc.a(_udivsi3.o)
 .bss           0x00000000        0x0 c:/program files (x86)/gnu tools arm embedded/4.9 2015q2/bin/../lib/gcc/arm-none-eabi/4.9.3/armv6-m\libgcc.a(_udivsi3.o)
 .data          0x00000000        0x0 c:/program files (x86)/gnu tools arm embedded/4.9 2015q2/bin/../lib/gcc/arm-none-eabi/4.9.3/armv6-m\libgcc.a(_dvmd_tls.o)
 .bss           0x00000000        0x0 c:/program files (x86)/gnu tools arm embedded/4.9 2015q2/bin/../lib/gcc/arm-none-eabi/4.9.3/armv6-m\libgcc.a(_dvmd_tls.o)
 .text          0x00000000        0x0 c:/program files (x86)/gnu tools arm embedded/4.9 2015q2/bin/../lib/gcc/arm-none-eabi/4.9.3/../../../../arm-none-eabi/lib/armv6-m\libg.a(lib_a-exit.o)
 .data          0x00000000        0x0 c:/program files (x86)/gnu tools arm embedded/4.9 2015q2/bin/../lib/gcc/arm-none-eabi/4.9.3/../../../../arm-none-eabi/lib/armv6-m\libg.a(lib_a-exit.o)
 .bss           0x00000000        0x0 c:/program files (x86)/gnu tools arm embedded/4.9 2015q2/bin/../lib/gcc/arm-none-eabi/4.9.3/../../../../arm-none-eabi/lib/armv6-m\libg.a(lib_a-exit.o)
 .text.exit     0x00000000       0x20 c:/program files (x86)/gnu tools arm embedded/4.9 2015q2/bin/../lib/gcc/arm-none-eabi/4.9.3/../../../../arm-none-eabi/lib/armv6-m\libg.a(lib_a-exit.o)
 .debug_frame   0x00000000       0x28 c:/program files (x86)/gnu tools arm embedded/4.9 2015q2/bin/../lib/gcc/arm-none-eabi/4.9.3/../../../../arm-none-eabi/lib/armv6-m\libg.a(lib_a-exit.o)
 .ARM.attributes
                0x00000000       0x2c c:/program files (x86)/gnu tools arm embedded/4.9 2015q2/bin/../lib/gcc/arm-none-eabi/4.9.3/../../../../arm-none-eabi/lib/armv6-m\libg.a(lib_a-exit.o)
 .text          0x00000000        0x0 c:/program files (x86)/gnu tools arm embedded/4.9 2015q2/bin/../lib/gcc/arm-none-eabi/4.9.3/../../../../arm-none-eabi/lib/armv6-m\libg.a(lib_a-impure.o)
 .data          0x00000000        0x0 c:/program files (x86)/gnu tools arm embedded/4.9 2015q2/bin/../lib/gcc/arm-none-eabi/4.9.3/../../../../arm-none-eabi/lib/armv6-m\libg.a(lib_a-impure.o)
 .bss           0x00000000        0x0 c:/program files (x86)/gnu tools arm embedded/4.9 2015q2/bin/../lib/gcc/arm-none-eabi/4.9.3/../../../../arm-none-eabi/lib/armv6-m\libg.a(lib_a-impure.o)
 .data._impure_ptr
                0x00000000        0x4 c:/program files (x86)/gnu tools arm embedded/4.9 2015q2/bin/../lib/gcc/arm-none-eabi/4.9.3/../../../../arm-none-eabi/lib/armv6-m\libg.a(lib_a-impure.o)
 .text          0x00000000        0x0 c:/program files (x86)/gnu tools arm embedded/4.9 2015q2/bin/../lib/gcc/arm-none-eabi/4.9.3/../../../../arm-none-eabi/lib/armv6-m\libg.a(lib_a-init.o)
 .data          0x00000000        0x0 c:/program files (x86)/gnu tools arm embedded/4.9 2015q2/bin/../lib/gcc/arm-none-eabi/4.9.3/../../../../arm-none-eabi/lib/armv6-m\libg.a(lib_a-init.o)
 .bss           0x00000000        0x0 c:/program files (x86)/gnu tools arm embedded/4.9 2015q2/bin/../lib/gcc/arm-none-eabi/4.9.3/../../../../arm-none-eabi/lib/armv6-m\libg.a(lib_a-init.o)
 .text          0x00000000        0x0 c:/program files (x86)/gnu tools arm embedded/4.9 2015q2/bin/../lib/gcc/arm-none-eabi/4.9.3/../../../../arm-none-eabi/lib/armv6-m\libg.a(lib_a-memset.o)
 .data          0x00000000        0x0 c:/program files (x86)/gnu tools arm embedded/4.9 2015q2/bin/../lib/gcc/arm-none-eabi/4.9.3/../../../../arm-none-eabi/lib/armv6-m\libg.a(lib_a-memset.o)
 .bss           0x00000000        0x0 c:/program files (x86)/gnu tools arm embedded/4.9 2015q2/bin/../lib/gcc/arm-none-eabi/4.9.3/../../../../arm-none-eabi/lib/armv6-m\libg.a(lib_a-memset.o)
 .text.memset   0x00000000       0x8c c:/program files (x86)/gnu tools arm embedded/4.9 2015q2/bin/../lib/gcc/arm-none-eabi/4.9.3/../../../../arm-none-eabi/lib/armv6-m\libg.a(lib_a-memset.o)
 .debug_frame   0x00000000       0x2c c:/program files (x86)/gnu tools arm embedded/4.9 2015q2/bin/../lib/gcc/arm-none-eabi/4.9.3/../../../../arm-none-eabi/lib/armv6-m\libg.a(lib_a-memset.o)
 .ARM.attributes
                0x00000000       0x2c c:/program files (x86)/gnu tools arm embedded/4.9 2015q2/bin/../lib/gcc/arm-none-eabi/4.9.3/../../../../arm-none-eabi/lib/armv6-m\libg.a(lib_a-memset.o)
 .text          0x00000000        0x0 c:/program files (x86)/gnu tools arm embedded/4.9 2015q2/bin/../lib/gcc/arm-none-eabi/4.9.3/../../../../arm-none-eabi/lib/armv6-m\libg.a(lib_a-__call_atexit.o)
 .data          0x00000000        0x0 c:/program files (x86)/gnu tools arm embedded/4.9 2015q2/bin/../lib/gcc/arm-none-eabi/4.9.3/../../../../arm-none-eabi/lib/armv6-m\libg.a(lib_a-__call_atexit.o)
 .bss           0x00000000        0x0 c:/program files (x86)/gnu tools arm embedded/4.9 2015q2/bin/../lib/gcc/arm-none-eabi/4.9.3/../../../../arm-none-eabi/lib/armv6-m\libg.a(lib_a-__call_atexit.o)
 .text.__call_exitprocs
                0x00000000      0x108 c:/program files (x86)/gnu tools arm embedded/4.9 2015q2/bin/../lib/gcc/arm-none-eabi/4.9.3/../../../../arm-none-eabi/lib/armv6-m\libg.a(lib_a-__call_atexit.o)
 .text          0x00000000        0x0 c:/program files (x86)/gnu tools arm embedded/4.9 2015q2/bin/../lib/gcc/arm-none-eabi/4.9.3/../../../../arm-none-eabi/lib/armv6-m\libg.a(lib_a-atexit.o)
 .data          0x00000000        0x0 c:/program files (x86)/gnu tools arm embedded/4.9 2015q2/bin/../lib/gcc/arm-none-eabi/4.9.3/../../../../arm-none-eabi/lib/armv6-m\libg.a(lib_a-atexit.o)
 .bss           0x00000000        0x0 c:/program files (x86)/gnu tools arm embedded/4.9 2015q2/bin/../lib/gcc/arm-none-eabi/4.9.3/../../../../arm-none-eabi/lib/armv6-m\libg.a(lib_a-atexit.o)
 .text          0x00000000        0x0 c:/program files (x86)/gnu tools arm embedded/4.9 2015q2/bin/../lib/gcc/arm-none-eabi/4.9.3/../../../../arm-none-eabi/lib/armv6-m\libg.a(lib_a-fini.o)
 .data          0x00000000        0x0 c:/program files (x86)/gnu tools arm embedded/4.9 2015q2/bin/../lib/gcc/arm-none-eabi/4.9.3/../../../../arm-none-eabi/lib/armv6-m\libg.a(lib_a-fini.o)
 .bss           0x00000000        0x0 c:/program files (x86)/gnu tools arm embedded/4.9 2015q2/bin/../lib/gcc/arm-none-eabi/4.9.3/../../../../arm-none-eabi/lib/armv6-m\libg.a(lib_a-fini.o)
 .text          0x00000000        0x0 c:/program files (x86)/gnu tools arm embedded/4.9 2015q2/bin/../lib/gcc/arm-none-eabi/4.9.3/../../../../arm-none-eabi/lib/armv6-m\libg.a(lib_a-__atexit.o)
 .data          0x00000000        0x0 c:/program files (x86)/gnu tools arm embedded/4.9 2015q2/bin/../lib/gcc/arm-none-eabi/4.9.3/../../../../arm-none-eabi/lib/armv6-m\libg.a(lib_a-__atexit.o)
 .bss           0x00000000        0x0 c:/program files (x86)/gnu tools arm embedded/4.9 2015q2/bin/../lib/gcc/arm-none-eabi/4.9.3/../../../../arm-none-eabi/lib/armv6-m\libg.a(lib_a-__atexit.o)
 .text          0x00000000        0x0 c:/program files (x86)/gnu tools arm embedded/4.9 2015q2/bin/../lib/gcc/arm-none-eabi/4.9.3/armv6-m/crtend.o
 .data          0x00000000        0x0 c:/program files (x86)/gnu tools arm embedded/4.9 2015q2/bin/../lib/gcc/arm-none-eabi/4.9.3/armv6-m/crtend.o
 .bss           0x00000000        0x0 c:/program files (x86)/gnu tools arm embedded/4.9 2015q2/bin/../lib/gcc/arm-none-eabi/4.9.3/armv6-m/crtend.o
 .eh_frame      0x00000000        0x4 c:/program files (x86)/gnu tools arm embedded/4.9 2015q2/bin/../lib/gcc/arm-none-eabi/4.9.3/armv6-m/crtend.o
 .text          0x00000000        0x0 c:/program files (x86)/gnu tools arm embedded/4.9 2015q2/bin/../lib/gcc/arm-none-eabi/4.9.3/armv6-m/crtn.o
 .data          0x00000000        0x0 c:/program files (x86)/gnu tools arm embedded/4.9 2015q2/bin/../lib/gcc/arm-none-eabi/4.9.3/armv6-m/crtn.o
 .bss           0x00000000        0x0 c:/program files (x86)/gnu tools arm embedded/4.9 2015q2/bin/../lib/gcc/arm-none-eabi/4.9.3/armv6-m/crtn.o

Memory Configuration

Name             Origin             Length             Attributes
rom              0x08000000         0x00008000         xr
ram              0x20000000         0x00001000         xrw
*default*        0x00000000         0xffffffff

Linker script and memory map

LOAD c:/program files (x86)/gnu tools arm embedded/4.9 2015q2/bin/../lib/gcc/arm-none-eabi/4.9.3/armv6-m/crti.o
LOAD c:/program files (x86)/gnu tools arm embedded/4.9 2015q2/bin/../lib/gcc/arm-none-eabi/4.9.3/armv6-m/crtbegin.o
LOAD c:/program files (x86)/gnu tools arm embedded/4.9 2015q2/bin/../lib/gcc/arm-none-eabi/4.9.3/../../../../arm-none-eabi/lib/armv6-m/crt0.o
                0x20001000                _eram = 0x20001000

.text           0x08000000     0x3930
 *(.isr_vector)
 .isr_vector    0x08000000       0xc0 ..\obj\startup_stm32f030x8.o
                0x08000000                g_pfnVectors
 *(.text*)
 .text          0x080000c0       0x60 c:/program files (x86)/gnu tools arm embedded/4.9 2015q2/bin/../lib/gcc/arm-none-eabi/4.9.3/armv6-m/crtbegin.o
 .text          0x08000120       0x20 ..\obj\stm32f0xx_hal_msp_template.o
                0x08000120                HAL_MspInit
                0x08000128                HAL_MspDeInit
                0x08000130                HAL_PPP_MspInit
                0x08000138                HAL_PPP_MspDeInit
 .text          0x08000140      0x690 ..\obj\stm32f0xx_hal_gpio.o
                0x08000140                HAL_GPIO_Init
                0x080004e8                HAL_GPIO_DeInit
                0x08000698                HAL_GPIO_ReadPin
                0x080006d4                HAL_GPIO_WritePin
                0x08000710                HAL_GPIO_TogglePin
                0x08000734                HAL_GPIO_LockPin
                0x08000788                HAL_GPIO_EXTI_IRQHandler
                0x080007bc                HAL_GPIO_EXTI_Callback
 .text          0x080007d0      0x9e8 ..\obj\stm32f0xx_hal_rcc_ex.o
                0x080007d0                HAL_RCC_OscConfig
                0x08000cf8                HAL_RCC_ClockConfig
                0x08000f94                HAL_RCC_GetSysClockFreq
                0x08001038                HAL_RCCEx_PeriphCLKConfig
                0x08001174                HAL_RCCEx_GetPeriphCLKConfig
 .text          0x080011b8      0x160 ..\obj\system_stm32f0xx.o
                0x080011b8                SystemInit
                0x08001240                SystemCoreClockUpdate
 .text          0x08001318      0x33c ..\obj\stm32f0xx_hal_rcc.o
                0x08001318                HAL_RCC_DeInit
                0x080013a0                HAL_RCC_MCOConfig
                0x08001414                HAL_RCC_EnableCSS
                0x08001430                HAL_RCC_DisableCSS
                0x08001458                HAL_RCC_GetHCLKFreq
                0x08001490                HAL_RCC_GetPCLK1Freq
                0x080014bc                HAL_RCC_GetOscConfig
                0x080015d8                HAL_RCC_GetClockConfig
                0x08001628                HAL_RCC_NMI_IRQHandler
                0x0800164c                HAL_RCC_CCSCallback
 .text          0x08001654      0x4f0 ..\obj\main.o
                0x08001654                main
                0x080019d4                SysTick_Handler
 .text          0x08001b44      0x40c ..\obj\stm32f0xx_hal_cortex.o
                0x08001dec                HAL_NVIC_SetPriority
                0x08001e18                HAL_NVIC_EnableIRQ
                0x08001e38                HAL_NVIC_DisableIRQ
                0x08001e58                HAL_NVIC_SystemReset
                0x08001e64                HAL_SYSTICK_Config
                0x08001e80                HAL_NVIC_GetPriority
                0x08001ea4                HAL_NVIC_SetPendingIRQ
                0x08001ec4                HAL_NVIC_GetPendingIRQ
                0x08001ee8                HAL_NVIC_ClearPendingIRQ
                0x08001f08                HAL_SYSTICK_CLKSourceConfig
                0x08001f3c                HAL_SYSTICK_IRQHandler
                0x08001f48                HAL_SYSTICK_Callback
 .text.Reset_Handler
                0x08001f50       0x50 ..\obj\startup_stm32f030x8.o
                0x08001f50                Reset_Handler
 .text.Default_Handler
                0x08001fa0        0x2 ..\obj\startup_stm32f030x8.o
                0x08001fa0                TIM1_CC_IRQHandler
                0x08001fa0                HardFault_Handler
                0x08001fa0                TIM6_IRQHandler
                0x08001fa0                PendSV_Handler
                0x08001fa0                NMI_Handler
                0x08001fa0                I2C1_IRQHandler
                0x08001fa0                SPI1_IRQHandler
                0x08001fa0                EXTI2_3_IRQHandler
                0x08001fa0                ADC1_IRQHandler
                0x08001fa0                I2C2_IRQHandler
                0x08001fa0                TIM17_IRQHandler
                0x08001fa0                RTC_IRQHandler
                0x08001fa0                TIM16_IRQHandler
                0x08001fa0                TIM3_IRQHandler
                0x08001fa0                EXTI4_15_IRQHandler
                0x08001fa0                RCC_IRQHandler
                0x08001fa0                DMA1_Channel1_IRQHandler
                0x08001fa0                Default_Handler
                0x08001fa0                TIM14_IRQHandler
                0x08001fa0                DMA1_Channel4_5_IRQHandler
                0x08001fa0                TIM15_IRQHandler
                0x08001fa0                EXTI0_1_IRQHandler
                0x08001fa0                SPI2_IRQHandler
                0x08001fa0                SVC_Handler
                0x08001fa0                WWDG_IRQHandler
                0x08001fa0                DMA1_Channel2_3_IRQHandler
                0x08001fa0                USART2_IRQHandler
                0x08001fa0                FLASH_IRQHandler
                0x08001fa0                USART1_IRQHandler
                0x08001fa0                TIM1_BRK_UP_TRG_COM_IRQHandler
 *fill*         0x08001fa2        0x2 
 .text          0x08001fa4      0x1d8 ..\obj\stm32f0xx_hal.o
                0x08001fa4                HAL_Init
                0x08001fcc                HAL_DeInit
                0x0800201c                HAL_InitTick
                0x08002058                HAL_IncTick
                0x08002070                HAL_GetTick
                0x08002084                HAL_SuspendTick
                0x0800209c                HAL_ResumeTick
                0x080020b4                HAL_Delay
                0x080020e0                HAL_GetHalVersion
                0x080020f0                HAL_GetREVID
                0x08002104                HAL_GetDEVID
                0x0800211c                HAL_EnableDBGStopMode
                0x08002134                HAL_DisableDBGStopMode
                0x0800214c                HAL_EnableDBGStandbyMode
                0x08002164                HAL_DisableDBGStandbyMode
 .text          0x0800217c      0x1a8 ..\obj\stm32f0xx_hal_pwr.o
                0x0800217c                HAL_PWR_DeInit
                0x080021a8                HAL_PWR_EnableBkUpAccess
                0x080021c4                HAL_PWR_DisableBkUpAccess
                0x080021e0                HAL_PWR_EnableWakeUpPin
                0x08002208                HAL_PWR_DisableWakeUpPin
                0x08002234                HAL_PWR_EnterSLEEPMode
                0x08002290                HAL_PWR_EnterSTOPMode
                0x080022f8                HAL_PWR_EnterSTANDBYMode
 .text          0x08002324      0xe34 ..\obj\stm32f0xx_hal_rtc.o
                0x08002324                HAL_RTC_Init
                0x0800241c                HAL_RTC_DeInit
                0x08002508                HAL_RTC_MspInit
                0x08002518                HAL_RTC_MspDeInit
                0x08002528                HAL_RTC_SetTime
                0x080026b0                HAL_RTC_GetTime
                0x08002760                HAL_RTC_SetDate
                0x080028c8                HAL_RTC_GetDate
                0x0800296c                HAL_RTC_SetAlarm
                0x08002b54                HAL_RTC_SetAlarm_IT
                0x08002d74                HAL_RTC_DeactivateAlarm
                0x08002e30                HAL_RTC_GetAlarm
                0x08002f30                HAL_RTC_AlarmIRQHandler
                0x08002f8c                HAL_RTC_AlarmAEventCallback
                0x08002f9c                HAL_RTC_PollForAlarmAEvent
                0x08003010                HAL_RTC_WaitForSynchro
                0x08003064                HAL_RTC_GetState
                0x0800307c                RTC_EnterInitMode
                0x080030d4                RTC_ByteToBcd2
                0x08003118                RTC_Bcd2ToByte
 .text          0x08003158      0x4c4 ..\obj\segment_display.o
                0x08003158                setDisplayClear
                0x080031c0                setDisplayVal
                0x080035f8                wait
 .text          0x0800361c      0x120 c:/program files (x86)/gnu tools arm embedded/4.9 2015q2/bin/../lib/gcc/arm-none-eabi/4.9.3/armv6-m\libgcc.a(_udivsi3.o)
                0x0800361c                __aeabi_uidiv
                0x0800361c                __udivsi3
                0x08003728                __aeabi_uidivmod
 .text          0x0800373c        0x4 c:/program files (x86)/gnu tools arm embedded/4.9 2015q2/bin/../lib/gcc/arm-none-eabi/4.9.3/armv6-m\libgcc.a(_dvmd_tls.o)
                0x0800373c                __aeabi_idiv0
                0x0800373c                __aeabi_ldiv0
 .text.__libc_init_array
                0x08003740       0x48 c:/program files (x86)/gnu tools arm embedded/4.9 2015q2/bin/../lib/gcc/arm-none-eabi/4.9.3/../../../../arm-none-eabi/lib/armv6-m\libg.a(lib_a-init.o)
                0x08003740                __libc_init_array
 .text.startup.register_fini
                0x08003788       0x18 c:/program files (x86)/gnu tools arm embedded/4.9 2015q2/bin/../lib/gcc/arm-none-eabi/4.9.3/../../../../arm-none-eabi/lib/armv6-m\libg.a(lib_a-__call_atexit.o)
 .text.atexit   0x080037a0       0x10 c:/program files (x86)/gnu tools arm embedded/4.9 2015q2/bin/../lib/gcc/arm-none-eabi/4.9.3/../../../../arm-none-eabi/lib/armv6-m\libg.a(lib_a-atexit.o)
                0x080037a0                atexit
 .text.__libc_fini_array
                0x080037b0       0x34 c:/program files (x86)/gnu tools arm embedded/4.9 2015q2/bin/../lib/gcc/arm-none-eabi/4.9.3/../../../../arm-none-eabi/lib/armv6-m\libg.a(lib_a-fini.o)
                0x080037b0                __libc_fini_array
 .text.__register_exitproc
                0x080037e4       0xd4 c:/program files (x86)/gnu tools arm embedded/4.9 2015q2/bin/../lib/gcc/arm-none-eabi/4.9.3/../../../../arm-none-eabi/lib/armv6-m\libg.a(lib_a-__atexit.o)
                0x080037e4                __register_exitproc
 *(.init)
 .init          0x080038b8        0x4 c:/program files (x86)/gnu tools arm embedded/4.9 2015q2/bin/../lib/gcc/arm-none-eabi/4.9.3/armv6-m/crti.o
                0x080038b8                _init
 .init          0x080038bc        0x8 c:/program files (x86)/gnu tools arm embedded/4.9 2015q2/bin/../lib/gcc/arm-none-eabi/4.9.3/armv6-m/crtn.o
 *(.fini)
 .fini          0x080038c4        0x4 c:/program files (x86)/gnu tools arm embedded/4.9 2015q2/bin/../lib/gcc/arm-none-eabi/4.9.3/armv6-m/crti.o
                0x080038c4                _fini
 .fini          0x080038c8        0x8 c:/program files (x86)/gnu tools arm embedded/4.9 2015q2/bin/../lib/gcc/arm-none-eabi/4.9.3/armv6-m/crtn.o
 *crtbegin.o(.ctors)
 *crtbegin?.o(.ctors)
 *(EXCLUDE_FILE(*crtend.o *crtend?.o) .ctors)
 *(SORT(.ctors.*))
 *(.ctors)
 *crtbegin.o(.dtors)
 *crtbegin?.o(.dtors)
 *(EXCLUDE_FILE(*crtend.o *crtend?.o) .dtors)
 *(SORT(.dtors.*))
 *(.dtors)
 *(.rodata*)
 .rodata        0x080038d0       0x20 ..\obj\stm32f0xx_hal_rcc_ex.o
                0x080038d0                PLLMULFactorTable
                0x080038e0                PredivFactorTable
 .rodata        0x080038f0       0x10 ..\obj\stm32f0xx_hal_rcc.o
                0x080038f0                APBAHBPrescTable
 .rodata        0x08003900       0x28 ..\obj\segment_display.o
 .rodata.str1.4
                0x08003928        0x4 c:/program files (x86)/gnu tools arm embedded/4.9 2015q2/bin/../lib/gcc/arm-none-eabi/4.9.3/../../../../arm-none-eabi/lib/armv6-m\libg.a(lib_a-impure.o)
                                  0x2 (size before relaxing)
 .rodata._global_impure_ptr
                0x0800392c        0x4 c:/program files (x86)/gnu tools arm embedded/4.9 2015q2/bin/../lib/gcc/arm-none-eabi/4.9.3/../../../../arm-none-eabi/lib/armv6-m\libg.a(lib_a-impure.o)
                0x0800392c                _global_impure_ptr
 *(.eh_fram e*)

.eh_frame       0x08003930        0x0
 .eh_frame      0x08003930        0x0 c:/program files (x86)/gnu tools arm embedded/4.9 2015q2/bin/../lib/gcc/arm-none-eabi/4.9.3/armv6-m/crtbegin.o

.glue_7         0x08003930        0x0
 .glue_7        0x00000000        0x0 linker stubs

.glue_7t        0x08003930        0x0
 .glue_7t       0x00000000        0x0 linker stubs

.vfp11_veneer   0x08003930        0x0
 .vfp11_veneer  0x00000000        0x0 linker stubs

.v4_bx          0x08003930        0x0
 .v4_bx         0x00000000        0x0 linker stubs

.iplt           0x08003930        0x0
 .iplt          0x00000000        0x0 c:/program files (x86)/gnu tools arm embedded/4.9 2015q2/bin/../lib/gcc/arm-none-eabi/4.9.3/armv6-m/crtbegin.o

.rel.dyn        0x08003930        0x0
 .rel.iplt      0x00000000        0x0 c:/program files (x86)/gnu tools arm embedded/4.9 2015q2/bin/../lib/gcc/arm-none-eabi/4.9.3/armv6-m/crtbegin.o

.ARM.extab
 *(.ARM.extab* .gnu.linkonce.armextab.*)
                0x08003930                __exidx_start = .

.ARM.exidx
 *(.ARM.exidx* .gnu.linkonce.armexidx.*)
                0x08003930                __exidx_end = .
                0x08003930                __etext = .
                0x08003930                _sidata = __etext

.data           0x20000000      0x458 load address 0x08003930
                0x20000000                __data_start__ = .
                0x20000000                _sdata = __data_start__
 *(vtable)
 *(.data*)
 .data          0x20000000       0x14 ..\obj\system_stm32f0xx.o
                0x20000000                SystemCoreClock
                0x20000004                AHBPrescTable
 .data          0x20000014        0x8 ..\obj\main.o
 *fill*         0x2000001c        0x4 
 .data.impure_data
                0x20000020      0x428 c:/program files (x86)/gnu tools arm embedded/4.9 2015q2/bin/../lib/gcc/arm-none-eabi/4.9.3/../../../../arm-none-eabi/lib/armv6-m\libg.a(lib_a-impure.o)
                0x20000448                . = ALIGN (0x4)
                0x20000448                PROVIDE (__preinit_array_start, .)
 *(.preinit_array)
                0x20000448                PROVIDE (__preinit_array_end, .)
                0x20000448                . = ALIGN (0x4)
                0x20000448                PROVIDE (__init_array_start, .)
 *(SORT(.init_array.*))
 .init_array.00000
                0x20000448        0x4 c:/program files (x86)/gnu tools arm embedded/4.9 2015q2/bin/../lib/gcc/arm-none-eabi/4.9.3/../../../../arm-none-eabi/lib/armv6-m\libg.a(lib_a-__call_atexit.o)
 *(.init_array)
 .init_array    0x2000044c        0x4 c:/program files (x86)/gnu tools arm embedded/4.9 2015q2/bin/../lib/gcc/arm-none-eabi/4.9.3/armv6-m/crtbegin.o
                0x20000450                PROVIDE (__init_array_end, .)
                0x20000450                . = ALIGN (0x4)
                0x20000450                PROVIDE (__fini_array_start, .)
 *(SORT(.fini_array.*))
 *(.fini_array)
 .fini_array    0x20000450        0x4 c:/program files (x86)/gnu tools arm embedded/4.9 2015q2/bin/../lib/gcc/arm-none-eabi/4.9.3/armv6-m/crtbegin.o
                0x20000454                PROVIDE (__fini_array_end, .)
 *(.jcr*)
 .jcr           0x20000454        0x0 c:/program files (x86)/gnu tools arm embedded/4.9 2015q2/bin/../lib/gcc/arm-none-eabi/4.9.3/armv6-m/crtbegin.o
 .jcr           0x20000454        0x4 c:/program files (x86)/gnu tools arm embedded/4.9 2015q2/bin/../lib/gcc/arm-none-eabi/4.9.3/armv6-m/crtend.o
                0x20000458                . = ALIGN (0x4)
                0x20000458                __data_end__ = .
                0x20000458                _edata = __data_end__

.igot.plt       0x20000458        0x0 load address 0x08003d88
 .igot.plt      0x00000000        0x0 c:/program files (x86)/gnu tools arm embedded/4.9 2015q2/bin/../lib/gcc/arm-none-eabi/4.9.3/armv6-m/crtbegin.o

.bss            0x20000458       0x6c load address 0x08003d88
                0x20000458                . = ALIGN (0x4)
                0x20000458                __bss_start__ = .
                0x20000458                _sbss = __bss_start__
 *(.bss*)
 .bss           0x20000458       0x1c c:/program files (x86)/gnu tools arm embedded/4.9 2015q2/bin/../lib/gcc/arm-none-eabi/4.9.3/armv6-m/crtbegin.o
 .bss           0x20000474        0x8 ..\obj\main.o
 .bss           0x2000047c        0x4 ..\obj\stm32f0xx_hal.o
 *(COMMON)
 COMMON         0x20000480       0x44 ..\obj\main.o
                0x20000480                j
                0x20000484                newtime
                0x20000498                newdate
                0x2000049c                RTC_handle
                0x200004bc                i
                0x200004c0                a
                0x200004c4                . = ALIGN (0x4)
                0x200004c4                __bss_end__ = .
                0x200004c4                _ebss = __bss_end__

.heap           0x200004c4        0x0
                0x200004c4                __end__ = .
                0x200004c4                _end = __end__
                0x200004c4                end = __end__
 *(.heap*)
                0x200004c4                __HeapLimit = .

.co_stack       0x200004c4        0x4 load address 0x08003df4
                0x200004c8                . = ALIGN (0x8)
 *fill*         0x200004c4        0x4 
 *(.co_stack .co_stack.*)
                0x20001000                __StackTop = (ORIGIN (ram) + 0x1000)
                0x20000ffc                __StackLimit = (__StackTop - SIZEOF (.co_stack))
                0x20001000                PROVIDE (__stack, __StackTop)
                0x00000001                ASSERT ((__StackLimit >= __HeapLimit), region ram  overflowed with stack)
LOAD ..\obj\stm32f0xx_hal_wwdg.o
LOAD ..\obj\stm32f0xx_hal_msp_template.o
LOAD ..\obj\stm32f0xx_hal_flash.o
LOAD ..\obj\stm32f0xx_hal_ppp.o
LOAD ..\obj\stm32f0xx_hal_gpio.o
LOAD ..\obj\stm32f0xx_hal_rcc_ex.o
LOAD ..\obj\stm32f0xx_hal_uart.o
LOAD ..\obj\stm32f0xx_hal_adc.o
LOAD ..\obj\stm32f0xx_hal_pcd.o
LOAD ..\obj\stm32f0xx_hal_iwdg.o
LOAD ..\obj\stm32f0xx_hal_smbus.o
LOAD ..\obj\system_stm32f0xx.o
LOAD ..\obj\stm32f0xx_hal_flash_ex.o
LOAD ..\obj\stm32f0xx_hal_rcc.o
LOAD ..\obj\stm32f0xx_hal_dac_ex.o
LOAD ..\obj\stm32f0xx_hal_smartcard_ex.o
LOAD ..\obj\stm32f0xx_hal_adc_ex.o
LOAD ..\obj\stm32f0xx_hal_i2c_ex.o
LOAD ..\obj\stm32f0xx_hal_rtc_ex.o
LOAD ..\obj\stm32f0xx_hal_cec.o
LOAD ..\obj\main.o
LOAD ..\obj\stm32f0xx_hal_cortex.o
LOAD ..\obj\stm32f0xx_hal_crc.o
LOAD ..\obj\stm32f0xx_hal_dma.o
LOAD ..\obj\stm32f0xx_hal_i2s.o
LOAD ..\obj\startup_stm32f030x8.o
LOAD ..\obj\stm32f0xx_hal_comp.o
LOAD ..\obj\stm32f0xx_hal_irda.o
LOAD ..\obj\stm32f0xx_hal_tim_ex.o
LOAD ..\obj\stm32f0xx_hal_dac.o
LOAD ..\obj\stm32f0xx_hal.o
LOAD ..\obj\stm32f0xx_hal_pwr.o
LOAD ..\obj\stm32f0xx_hal_pcd_ex.o
LOAD ..\obj\stm32f0xx_hal_tsc.o
LOAD ..\obj\stm32f0xx_hal_smartcard.o
LOAD ..\obj\stm32f0xx_hal_rtc.o
LOAD ..\obj\stm32f0xx_hal_uart_ex.o
LOAD ..\obj\segment_display.o
LOAD ..\obj\stm32f0xx_hal_usart.o
LOAD ..\obj\stm32f0xx_hal_crc_ex.o
LOAD ..\obj\stm32f0xx_hal_tim.o
LOAD ..\obj\stm32f0xx_hal_spi.o
LOAD ..\obj\stm32f0xx_hal_pwr_ex.o
LOAD ..\obj\stm32f0xx_hal_i2c.o
LOAD ..\obj\stm32f0xx_hal_can.o
START GROUP
LOAD c:/program files (x86)/gnu tools arm embedded/4.9 2015q2/bin/../lib/gcc/arm-none-eabi/4.9.3/armv6-m\libgcc.a
LOAD c:/program files (x86)/gnu tools arm embedded/4.9 2015q2/bin/../lib/gcc/arm-none-eabi/4.9.3/../../../../arm-none-eabi/lib/armv6-m\libg.a
LOAD c:/program files (x86)/gnu tools arm embedded/4.9 2015q2/bin/../lib/gcc/arm-none-eabi/4.9.3/../../../../arm-none-eabi/lib/armv6-m\libc.a
END GROUP
LOAD c:/program files (x86)/gnu tools arm embedded/4.9 2015q2/bin/../lib/gcc/arm-none-eabi/4.9.3/armv6-m/crtend.o
LOAD c:/program files (x86)/gnu tools arm embedded/4.9 2015q2/bin/../lib/gcc/arm-none-eabi/4.9.3/armv6-m/crtn.o
OUTPUT(AAA.elf elf32-littlearm)

.ARM.attributes
                0x00000000       0x28
 .ARM.attributes
                0x00000000       0x1e c:/program files (x86)/gnu tools arm embedded/4.9 2015q2/bin/../lib/gcc/arm-none-eabi/4.9.3/armv6-m/crti.o
 .ARM.attributes
                0x0000001e       0x2c c:/program files (x86)/gnu tools arm embedded/4.9 2015q2/bin/../lib/gcc/arm-none-eabi/4.9.3/armv6-m/crtbegin.o
 .ARM.attributes
                0x0000004a       0x31 ..\obj\stm32f0xx_hal_msp_template.o
 .ARM.attributes
                0x0000007b       0x31 ..\obj\stm32f0xx_hal_gpio.o
 .ARM.attributes
                0x000000ac       0x31 ..\obj\stm32f0xx_hal_rcc_ex.o
 .ARM.attributes
                0x000000dd       0x31 ..\obj\system_stm32f0xx.o
 .ARM.attributes
                0x0000010e       0x31 ..\obj\stm32f0xx_hal_rcc.o
 .ARM.attributes
                0x0000013f       0x31 ..\obj\main.o
 .ARM.attributes
                0x00000170       0x31 ..\obj\stm32f0xx_hal_cortex.o
 .ARM.attributes
                0x000001a1       0x21 ..\obj\startup_stm32f030x8.o
 .ARM.attributes
                0x000001c2       0x31 ..\obj\stm32f0xx_hal.o
 .ARM.attributes
                0x000001f3       0x31 ..\obj\stm32f0xx_hal_pwr.o
 .ARM.attributes
                0x00000224       0x31 ..\obj\stm32f0xx_hal_rtc.o
 .ARM.attributes
                0x00000255       0x31 ..\obj\segment_display.o
 .ARM.attributes
                0x00000286       0x1e c:/program files (x86)/gnu tools arm embedded/4.9 2015q2/bin/../lib/gcc/arm-none-eabi/4.9.3/armv6-m\libgcc.a(_udivsi3.o)
 .ARM.attributes
                0x000002a4       0x1e c:/program files (x86)/gnu tools arm embedded/4.9 2015q2/bin/../lib/gcc/arm-none-eabi/4.9.3/armv6-m\libgcc.a(_dvmd_tls.o)
 .ARM.attributes
                0x000002c2       0x2c c:/program files (x86)/gnu tools arm embedded/4.9 2015q2/bin/../lib/gcc/arm-none-eabi/4.9.3/../../../../arm-none-eabi/lib/armv6-m\libg.a(lib_a-impure.o)
 .ARM.attributes
                0x000002ee       0x2c c:/program files (x86)/gnu tools arm embedded/4.9 2015q2/bin/../lib/gcc/arm-none-eabi/4.9.3/../../../../arm-none-eabi/lib/armv6-m\libg.a(lib_a-init.o)
 .ARM.attributes
                0x0000031a       0x2c c:/program files (x86)/gnu tools arm embedded/4.9 2015q2/bin/../lib/gcc/arm-none-eabi/4.9.3/../../../../arm-none-eabi/lib/armv6-m\libg.a(lib_a-__call_atexit.o)
 .ARM.attributes
                0x00000346       0x2c c:/program files (x86)/gnu tools arm embedded/4.9 2015q2/bin/../lib/gcc/arm-none-eabi/4.9.3/../../../../arm-none-eabi/lib/armv6-m\libg.a(lib_a-atexit.o)
 .ARM.attributes
                0x00000372       0x2c c:/program files (x86)/gnu tools arm embedded/4.9 2015q2/bin/../lib/gcc/arm-none-eabi/4.9.3/../../../../arm-none-eabi/lib/armv6-m\libg.a(lib_a-fini.o)
 .ARM.attributes
                0x0000039e       0x2c c:/program files (x86)/gnu tools arm embedded/4.9 2015q2/bin/../lib/gcc/arm-none-eabi/4.9.3/../../../../arm-none-eabi/lib/armv6-m\libg.a(lib_a-__atexit.o)
 .ARM.attributes
                0x000003ca       0x2c c:/program files (x86)/gnu tools arm embedded/4.9 2015q2/bin/../lib/gcc/arm-none-eabi/4.9.3/armv6-m/crtend.o
 .ARM.attributes
                0x000003f6       0x1e c:/program files (x86)/gnu tools arm embedded/4.9 2015q2/bin/../lib/gcc/arm-none-eabi/4.9.3/armv6-m/crtn.o

.comment        0x00000000       0x70
 .comment       0x00000000       0x70 ..\obj\stm32f0xx_hal_msp_template.o
                                 0x71 (size before relaxing)
 .comment       0x00000000       0x71 ..\obj\stm32f0xx_hal_gpio.o
 .comment       0x00000000       0x71 ..\obj\stm32f0xx_hal_rcc_ex.o
 .comment       0x00000000       0x71 ..\obj\system_stm32f0xx.o
 .comment       0x00000000       0x71 ..\obj\stm32f0xx_hal_rcc.o
 .comment       0x00000000       0x71 ..\obj\main.o
 .comment       0x00000000       0x71 ..\obj\stm32f0xx_hal_cortex.o
 .comment       0x00000000       0x71 ..\obj\stm32f0xx_hal.o
 .comment       0x00000000       0x71 ..\obj\stm32f0xx_hal_pwr.o
 .comment       0x00000000       0x71 ..\obj\stm32f0xx_hal_rtc.o
 .comment       0x00000000       0x71 ..\obj\segment_display.o

.debug_info     0x00000000     0x35b0
 .debug_info    0x00000000       0xb3 ..\obj\stm32f0xx_hal_msp_template.o
 .debug_info    0x000000b3      0x5b9 ..\obj\stm32f0xx_hal_gpio.o
 .debug_info    0x0000066c      0x550 ..\obj\stm32f0xx_hal_rcc_ex.o
 .debug_info    0x00000bbc      0x206 ..\obj\system_stm32f0xx.o
 .debug_info    0x00000dc2      0x626 ..\obj\stm32f0xx_hal_rcc.o
 .debug_info    0x000013e8      0x670 ..\obj\main.o
 .debug_info    0x00001a58      0x66a ..\obj\stm32f0xx_hal_cortex.o
 .debug_info    0x000020c2       0xb9 ..\obj\startup_stm32f030x8.o
 .debug_info    0x0000217b      0x4dd ..\obj\stm32f0xx_hal.o
 .debug_info    0x00002658      0x402 ..\obj\stm32f0xx_hal_pwr.o
 .debug_info    0x00002a5a      0x995 ..\obj\stm32f0xx_hal_rtc.o
 .debug_info    0x000033ef      0x1c1 ..\obj\segment_display.o

.debug_abbrev   0x00000000      0xf5f
 .debug_abbrev  0x00000000       0x40 ..\obj\stm32f0xx_hal_msp_template.o
 .debug_abbrev  0x00000040      0x1a6 ..\obj\stm32f0xx_hal_gpio.o
 .debug_abbrev  0x000001e6      0x17f ..\obj\stm32f0xx_hal_rcc_ex.o
 .debug_abbrev  0x00000365       0xee ..\obj\system_stm32f0xx.o
 .debug_abbrev  0x00000453      0x20e ..\obj\stm32f0xx_hal_rcc.o
 .debug_abbrev  0x00000661      0x144 ..\obj\main.o
 .debug_abbrev  0x000007a5      0x224 ..\obj\stm32f0xx_hal_cortex.o
 .debug_abbrev  0x000009c9       0x12 ..\obj\startup_stm32f030x8.o
 .debug_abbrev  0x000009db      0x192 ..\obj\stm32f0xx_hal.o
 .debug_abbrev  0x00000b6d      0x13c ..\obj\stm32f0xx_hal_pwr.o
 .debug_abbrev  0x00000ca9      0x1a5 ..\obj\stm32f0xx_hal_rtc.o
 .debug_abbrev  0x00000e4e      0x111 ..\obj\segment_display.o

.debug_aranges  0x00000000      0x188
 .debug_aranges
                0x00000000       0x20 ..\obj\stm32f0xx_hal_msp_template.o
 .debug_aranges
                0x00000020       0x20 ..\obj\stm32f0xx_hal_gpio.o
 .debug_aranges
                0x00000040       0x20 ..\obj\stm32f0xx_hal_rcc_ex.o
 .debug_aranges
                0x00000060       0x20 ..\obj\system_stm32f0xx.o
 .debug_aranges
                0x00000080       0x20 ..\obj\stm32f0xx_hal_rcc.o
 .debug_aranges
                0x000000a0       0x20 ..\obj\main.o
 .debug_aranges
                0x000000c0       0x20 ..\obj\stm32f0xx_hal_cortex.o
 .debug_aranges
                0x000000e0       0x28 ..\obj\startup_stm32f030x8.o
 .debug_aranges
                0x00000108       0x20 ..\obj\stm32f0xx_hal.o
 .debug_aranges
                0x00000128       0x20 ..\obj\stm32f0xx_hal_pwr.o
 .debug_aranges
                0x00000148       0x20 ..\obj\stm32f0xx_hal_rtc.o
 .debug_aranges
                0x00000168       0x20 ..\obj\segment_display.o

.debug_line     0x00000000     0x1f74
 .debug_line    0x00000000       0xa9 ..\obj\stm32f0xx_hal_msp_template.o
 .debug_line    0x000000a9      0x3b7 ..\obj\stm32f0xx_hal_gpio.o
 .debug_line    0x00000460      0x3db ..\obj\stm32f0xx_hal_rcc_ex.o
 .debug_line    0x0000083b      0x196 ..\obj\system_stm32f0xx.o
 .debug_line    0x000009d1      0x2e1 ..\obj\stm32f0xx_hal_rcc.o
 .debug_line    0x00000cb2      0x2a2 ..\obj\main.o
 .debug_line    0x00000f54      0x2d8 ..\obj\stm32f0xx_hal_cortex.o
 .debug_line    0x0000122c       0xc9 ..\obj\startup_stm32f030x8.o
 .debug_line    0x000012f5      0x2da ..\obj\stm32f0xx_hal.o
 .debug_line    0x000015cf      0x28e ..\obj\stm32f0xx_hal_pwr.o
 .debug_line    0x0000185d      0x4a8 ..\obj\stm32f0xx_hal_rtc.o
 .debug_line    0x00001d05      0x26f ..\obj\segment_display.o

.debug_str      0x00000000     0x1525
 .debug_str     0x00000000      0x170 ..\obj\stm32f0xx_hal_msp_template.o
                                0x1a4 (size before relaxing)
 .debug_str     0x00000170      0x297 ..\obj\stm32f0xx_hal_gpio.o
                                0x3c6 (size before relaxing)
 .debug_str     0x00000407      0x2fd ..\obj\stm32f0xx_hal_rcc_ex.o
                                0x4be (size before relaxing)
 .debug_str     0x00000704       0xb4 ..\obj\system_stm32f0xx.o
                                0x231 (size before relaxing)
 .debug_str     0x000007b8      0x171 ..\obj\stm32f0xx_hal_rcc.o
                                0x52e (size before relaxing)
 .debug_str     0x00000929      0x26f ..\obj\main.o
                                0x49e (size before relaxing)
 .debug_str     0x00000b98      0x3c1 ..\obj\stm32f0xx_hal_cortex.o
                                0x585 (size before relaxing)
 .debug_str     0x00000f59      0x18b ..\obj\stm32f0xx_hal.o
                                0x511 (size before relaxing)
 .debug_str     0x000010e4      0x15e ..\obj\stm32f0xx_hal_pwr.o
                                0x314 (size before relaxing)
 .debug_str     0x00001242      0x27c ..\obj\stm32f0xx_hal_rtc.o
                                0x61b (size before relaxing)
 .debug_str     0x000014be       0x67 ..\obj\segment_display.o
                                0x1d3 (size before relaxing)

.debug_frame    0x00000000      0xe2c
 .debug_frame   0x00000000       0x80 ..\obj\stm32f0xx_hal_msp_template.o
 .debug_frame   0x00000080      0x110 ..\obj\stm32f0xx_hal_gpio.o
 .debug_frame   0x00000190       0xb0 ..\obj\stm32f0xx_hal_rcc_ex.o
 .debug_frame   0x00000240       0x4c ..\obj\system_stm32f0xx.o
 .debug_frame   0x0000028c      0x190 ..\obj\stm32f0xx_hal_rcc.o
 .debug_frame   0x0000041c       0x4c ..\obj\main.o
 .debug_frame   0x00000468      0x2a4 ..\obj\stm32f0xx_hal_cortex.o
 .debug_frame   0x0000070c      0x1f4 ..\obj\stm32f0xx_hal.o
 .debug_frame   0x00000900      0x100 ..\obj\stm32f0xx_hal_pwr.o
 .debug_frame   0x00000a00      0x290 ..\obj\stm32f0xx_hal_rtc.o
 .debug_frame   0x00000c90       0x6c ..\obj\segment_display.o
 .debug_frame   0x00000cfc       0x20 c:/program files (x86)/gnu tools arm embedded/4.9 2015q2/bin/../lib/gcc/arm-none-eabi/4.9.3/armv6-m\libgcc.a(_udivsi3.o)
 .debug_frame   0x00000d1c       0x2c c:/program files (x86)/gnu tools arm embedded/4.9 2015q2/bin/../lib/gcc/arm-none-eabi/4.9.3/../../../../arm-none-eabi/lib/armv6-m\libg.a(lib_a-init.o)
 .debug_frame   0x00000d48       0x54 c:/program files (x86)/gnu tools arm embedded/4.9 2015q2/bin/../lib/gcc/arm-none-eabi/4.9.3/../../../../arm-none-eabi/lib/armv6-m\libg.a(lib_a-__call_atexit.o)
 .debug_frame   0x00000d9c       0x28 c:/program files (x86)/gnu tools arm embedded/4.9 2015q2/bin/../lib/gcc/arm-none-eabi/4.9.3/../../../../arm-none-eabi/lib/armv6-m\libg.a(lib_a-atexit.o)
 .debug_frame   0x00000dc4       0x2c c:/program files (x86)/gnu tools arm embedded/4.9 2015q2/bin/../lib/gcc/arm-none-eabi/4.9.3/../../../../arm-none-eabi/lib/armv6-m\libg.a(lib_a-fini.o)
 .debug_frame   0x00000df0       0x3c c:/program files (x86)/gnu tools arm embedded/4.9 2015q2/bin/../lib/gcc/arm-none-eabi/4.9.3/../../../../arm-none-eabi/lib/armv6-m\libg.a(lib_a-__atexit.o)

.debug_ranges   0x00000000       0x20
 .debug_ranges  0x00000000       0x20 ..\obj\startup_stm32f030x8.o
